SQL> /*
SQL> 1 DISPLAY THOSE WHO WORKS IN DEPARTMENT_ID 50 90 110
SQL> 
SQL> 2 DISPLAY THOSE WHO WORKS AS IT_PROG , ST_CLERK , AD_VP
SQL> 
SQL> 3 DISPLAY WITH FOLLOWING COMBINATIONS  50 ST_CLERK , 80 SA_REP
SQL> 
SQL> 4 DISPLAY THOSE WHO GETS SALARY IN RANGE OF 5500 AND 12000
SQL> 
SQL> 5 DISPLAY THOSE WHOSE FIRST_NAME CONTAINS o
SQL> 
SQL> 6 DISPLAY THOSE WHO DOESN'T GET COMMISSION
SQL> 
SQL> 7 DISPLAY THOSE WHO GETS COMMISSION
SQL> 
SQL> 8 DISPLAY THOSE WHO WERE HIRED IN YEAR 98
SQL> 
SQL> 9 DISPLAY THOSE WHO WERE HIRED IN ANY OF THE JAN , JUN OR JUL MONTHS
SQL> 
SQL> 10 DISPLAY NAMES WHICH CONTAINS T_%P FROM MPSLIKETBL
SQL> */
SQL> REM 1 DISPLAY THOSE WHO WORKS IN DEPARTMENT_ID 50 90 110
SQL> SELECT FIRST_NAME , DEPARTMENT_ID FROM EMPLOYEES WHERE DEPARTMENT_ID IN (50,90,110);

FIRST_NAME      DEPARTMENT_ID                                                                                                                                                                           
--------------- -------------                                                                                                                                                                           
Steven                     90                                                                                                                                                                           
Neena                      90                                                                                                                                                                           
Lex                        90                                                                                                                                                                           
Kevin                      50                                                                                                                                                                           
Trenna                     50                                                                                                                                                                           
Curtis                     50                                                                                                                                                                           
Randall                    50                                                                                                                                                                           
Peter                      50                                                                                                                                                                           
Shelley                   110                                                                                                                                                                           
William                   110                                                                                                                                                                           

10 rows selected.

SQL> REM 2 DISPLAY THOSE WHO WORKS AS IT_PROG , ST_CLERK , AD_VP
SQL> SELECT FIRST_NAME , JOB_ID FROM EMPLOYEES WHERE JOB_ID IN ('IT,PROG','ST_CLERK','AD_VP');

FIRST_NAME      JOB_ID                                                                                                                                                                                  
--------------- ----------                                                                                                                                                                              
Neena           AD_VP                                                                                                                                                                                   
Lex             AD_VP                                                                                                                                                                                   
Trenna          ST_CLERK                                                                                                                                                                                
Curtis          ST_CLERK                                                                                                                                                                                
Randall         ST_CLERK                                                                                                                                                                                
Peter           ST_CLERK                                                                                                                                                                                

6 rows selected.

SQL> REM 3 DISPLAY WITH FOLLOWING COMBINATIONS  50 ST_CLERK , 80 SA_REP
SQL> SELECT FIRST_NAME , DEPARTMENT_ID , JOB_ID FROM EMPLOYEES WHERE (DEPARTMENT_ID,JOB_ID) IN ((50,'ST_CLERK'),(80,'SA_REP'));

FIRST_NAME      DEPARTMENT_ID JOB_ID                                                                                                                                                                    
--------------- ------------- ----------                                                                                                                                                                
Trenna                     50 ST_CLERK                                                                                                                                                                  
Curtis                     50 ST_CLERK                                                                                                                                                                  
Randall                    50 ST_CLERK                                                                                                                                                                  
Peter                      50 ST_CLERK                                                                                                                                                                  
Ellen                      80 SA_REP                                                                                                                                                                    
Jonathon                   80 SA_REP                                                                                                                                                                    

6 rows selected.

SQL> REM 4 DISPLAY THOSE WHO GETS SALARY IN RANGE OF 5500 AND 12000
SQL> SELECT FIRST_NAME FROM EMPLOYEES WHERE SALARY BETWEEN 5500 AND 12000 ;

FIRST_NAME                                                                                                                                                                                              
---------------                                                                                                                                                                                         
Alexander                                                                                                                                                                                               
Bruce                                                                                                                                                                                                   
Kevin                                                                                                                                                                                                   
Eleni                                                                                                                                                                                                   
Ellen                                                                                                                                                                                                   
Jonathon                                                                                                                                                                                                
Kimerely                                                                                                                                                                                                
Pat                                                                                                                                                                                                     
Shelley                                                                                                                                                                                                 
William                                                                                                                                                                                                 

10 rows selected.

SQL> REM 5 DISPLAY THOSE WHOSE FIRST_NAME CONTAINS o
SQL> SELECT FIRST_NAME FROM EMPLOYEES WHERE FIRST_NAME LIKE '%o%';

FIRST_NAME                                                                                                                                                                                              
---------------                                                                                                                                                                                         
Jonathon                                                                                                                                                                                                

SQL> 
SQL> rem 6 DISPLAY THOSE WHO DOESN'T GET COMMISSION
SQL> SELECT FIRST_NAME , COMMISSION_PCT FROM EMPLOYEES WHERE COMMISSION_PCT NOT LIKE '%';

no rows selected

SQL> SELECT FIRST_NAME , COMMISSION_PCT FROM EMPLOYEES WHERE COMMISSION_PCT  LIKE '%';

FIRST_NAME      COMMISSION_PCT                                                                                                                                                                          
--------------- --------------                                                                                                                                                                          
Eleni                       .2                                                                                                                                                                          
Ellen                       .3                                                                                                                                                                          
Jonathon                    .3                                                                                                                                                                          
Kimerely                   .15                                                                                                                                                                          

SQL> SELECT FIRST_NAME , COMMISSION_PCT FROM EMPLOYEES WHERE COMMISSION_PCT IS NULL;

FIRST_NAME      COMMISSION_PCT                                                                                                                                                                          
--------------- --------------                                                                                                                                                                          
Steven                                                                                                                                                                                                  
Neena                                                                                                                                                                                                   
Lex                                                                                                                                                                                                     
Alexander                                                                                                                                                                                               
Bruce                                                                                                                                                                                                   
Diana                                                                                                                                                                                                   
Kevin                                                                                                                                                                                                   
Trenna                                                                                                                                                                                                  
Curtis                                                                                                                                                                                                  
Randall                                                                                                                                                                                                 
Peter                                                                                                                                                                                                   
Jennifer                                                                                                                                                                                                
Michael                                                                                                                                                                                                 
Pat                                                                                                                                                                                                     
Shelley                                                                                                                                                                                                 
William                                                                                                                                                                                                 

16 rows selected.

SQL> REM 8 DISPLAY THOSE WHO WERE HIRED IN YEAR 98
SQL> SELECT FIRST_NAME , HIRE_DATE FROM EMPLOYEES WHERE HIRE_DATE LIKE '%-98';

FIRST_NAME      HIRE_DATE                                                                                                                                                                               
--------------- ---------                                                                                                                                                                               
Randall         15-MAR-98                                                                                                                                                                               
Peter           09-JUL-98                                                                                                                                                                               
Jonathon        24-MAR-98                                                                                                                                                                               

SQL> REM 9 DISPLAY THOSE WHO WERE HIRED IN ANY OF THE JAN , JUN OR JUL MONTHS
SQL> SELECT FIRST_NAME , HIRE_DATE FROM EMPLOYEES WHERE HIRE_DATE LIKE '%J__-%';

FIRST_NAME      HIRE_DATE                                                                                                                                                                               
--------------- ---------                                                                                                                                                                               
Steven          17-JUL-87                                                                                                                                                                               
Lex             13-JAN-93                                                                                                                                                                               
Alexander       03-JAN-90                                                                                                                                                                               
Curtis          29-JAN-97                                                                                                                                                                               
Peter           09-JUL-98                                                                                                                                                                               
Eleni           29-JAN-00                                                                                                                                                                               
Shelley         07-JUN-94                                                                                                                                                                               
William         07-JUN-94                                                                                                                                                                               

8 rows selected.

SQL> REM 10 DISPLAY NAMES WHICH CONTAINS T_%P FROM MPSLIKETBL
SQL> SELECT * FROM EMPLOYEES;

EMPLOYEE_ID FIRST_NAME      LAST_NAME       EMAIL      PHONE_NUMBER         HIRE_DATE JOB_ID         SALARY COMMISSION_PCT MANAGER_ID DEPARTMENT_ID                                                     
----------- --------------- --------------- ---------- -------------------- --------- ---------- ---------- -------------- ---------- -------------                                                     
        100 Steven          King            SKING      515.123.4567         17-JUL-87 AD_PRES         24000                                      90                                                     
        101 Neena           Kochhar         NKOCHHAR   515.123.4568         21-SEP-89 AD_VP           17000                       100            90                                                     
        102 Lex             De Haan         LDEHAAN    515.123.4569         13-JAN-93 AD_VP           17000                       100            90                                                     
        103 Alexander       Hunold          AHUNOLD    590.423.4567         03-JAN-90 IT_PROG          9000                       102            60                                                     
        104 Bruce           Ernst           BERNST     590.423.4568         21-MAY-91 IT_PROG          6000                       103            60                                                     
        107 Diana           Lorentz         DLORENTZ   590.423.5567         07-FEB-99 IT_PROG          4200                       103            60                                                     
        124 Kevin           Mourgos         KMOURGOS   650.123.5234         16-NOV-99 ST_MAN           5800                       100            50                                                     
        141 Trenna          Rajs            TRAJS      650.121.8009         17-OCT-95 ST_CLERK         3500                       124            50                                                     
        142 Curtis          Davies          CDAVIES    650.121.2994         29-JAN-97 ST_CLERK         3100                       124            50                                                     
        143 Randall         Matos           RMATOS     650.121.2874         15-MAR-98 ST_CLERK         2600                       124            50                                                     
        144 Peter           Vargas          PVARGAS    650.121.2004         09-JUL-98 ST_CLERK         2500                       124            50                                                     
        149 Eleni           Zlotkey         EZLOTKEY   011.44.1344.429018   29-JAN-00 SA_MAN          10500             .2        100            80                                                     
        174 Ellen           Abel            EABEL      011.44.1644.429267   11-MAY-96 SA_REP          11000             .3        149            80                                                     
        176 Jonathon        Taylor          JTAYLOR    011.44.1644.429265   24-MAR-98 SA_REP           8600             .3        149            80                                                     
        178 Kimerely        Grant           KGRANT     011.44.1644.429263   24-MAY-99 SA_REP           7000            .15        149                                                                   
        200 Jennifer        Whalen          JWHALEN    515.123.4444         17-SEP-87 AD_ASST          4400                       101            10                                                     
        201 Michael         Hartstein       MHARTSTE   515.123.5555         17-FEB-96 MK_MAN          13000                       100            20                                                     
        202 Pat             Fay             PFAY       603.123.6666         17-AUG-97 MK_REP           6000                       201            20                                                     
        205 Shelley         Higgins         SHIGGINS   515.123.8080         07-JUN-94 AC_MGR          12000                       101           110                                                     
        206 William         Gietz           WGIETZ     515.123.8181         07-JUN-94 AC_ACCOUNT       8300                       205           110                                                     

20 rows selected.

SQL> SELECT * FROM MPSLIKETBL;

NAME                                                                                                                                                                                                    
------------------------------                                                                                                                                                                          
AMIT ^PATEL                                                                                                                                                                                             
AMIT_ PATEL                                                                                                                                                                                             
AMIT_^PATEL                                                                                                                                                                                             
AMIT PATEL                                                                                                                                                                                              
AMIT_PATEL                                                                                                                                                                                              
AMIT%PATEL                                                                                                                                                                                              
AMIT_%PATEL                                                                                                                                                                                             
AMIT  PATEL                                                                                                                                                                                             
TAPAN PATEL                                                                                                                                                                                             
PARMAR TARAK                                                                                                                                                                                            

10 rows selected.

SQL> REM 10 DISPLAY NAMES WHICH CONTAINS T_%P FROM MPSLIKETBL
SQL> SELECT * FROM EMPLOYEES WHERE NAME LIKE '%T_%P';
SELECT * FROM EMPLOYEES WHERE NAME LIKE '%T_%P'
                              *
ERROR at line 1:
ORA-00904: "NAME": invalid identifier 


SQL> SELECT * FROM EMPLOYEES WHERE NAMES LIKE '%T_%P';
SELECT * FROM EMPLOYEES WHERE NAMES LIKE '%T_%P'
                              *
ERROR at line 1:
ORA-00904: "NAMES": invalid identifier 


SQL> SELECT * FROM MPSLIKETBL WHERE NAME LIKE '%T_%P';

no rows selected

SQL> /*
SQL> 11 DISPLAY FIRST_NAME HAVING LENGTH UPTO 6
SQL> 
SQL> 12 DISPLAY FIRST_NAME HAVING LENGTH 6 OR MORE
SQL> 
SQL> 13 DISPLAY THOSE WHO GETS SALARY LESS THAN 6000 OR MORE THAN 11000
SQL> 
SQL> 14 DISPLAY THOSE OTHER THAN 50 ST_CLERK   80 SA_REP   90  AD_VP
SQL> 
SQL> 15 DISPLAY THOSE WHO WERE HIRED IN 90s
SQL> 
SQL> 16 DISPLAY THOSE WHO WERE HIRED BETWEEN 88 AND 95
SQL> 
SQL> 17 DISPLAY THOSE WHOSE SALARY IS EITHER LOWER THAN 8000 OR HIGHER THAN 12000
SQL> 
SQL> 18 DISPLAY THOSE WHO WERE HIRED EITHER BEFORE YEAR 88 OR AFTER 90
SQL> 
SQL> 19 DISPLAY FIRST_NAME , HIRE_DATE FOR THOSE WHO WERE HIRED IN JAN
SQL> 
SQL> 20 DISPLAY FIRST_NAME , HIRE_DATE FOR THOSE WHO WERE HIRED IN JAN OR JUN
SQL> */
SQL> REM 11 DISPLAY FIRST_NAME HAVING LENGTH UPTO 6
SQL> SELECT FIRST_NAME FROM EMPLOYEES WHERE FIRST_NAME NOT LIKE '_______%';

FIRST_NAME                                                                                                                                                                                              
---------------                                                                                                                                                                                         
Steven                                                                                                                                                                                                  
Neena                                                                                                                                                                                                   
Lex                                                                                                                                                                                                     
Bruce                                                                                                                                                                                                   
Diana                                                                                                                                                                                                   
Kevin                                                                                                                                                                                                   
Trenna                                                                                                                                                                                                  
Curtis                                                                                                                                                                                                  
Peter                                                                                                                                                                                                   
Eleni                                                                                                                                                                                                   
Ellen                                                                                                                                                                                                   
Pat                                                                                                                                                                                                     

12 rows selected.

SQL> REM 12 DISPLAY FIRST_NAME HAVING LENGTH 6 OR MORE
SQL> SELECT FIRST_NAME FROM EMPLOYEES WHERE FIRST_NAME LIKE '______%';

FIRST_NAME                                                                                                                                                                                              
---------------                                                                                                                                                                                         
Steven                                                                                                                                                                                                  
Alexander                                                                                                                                                                                               
Trenna                                                                                                                                                                                                  
Curtis                                                                                                                                                                                                  
Randall                                                                                                                                                                                                 
Jonathon                                                                                                                                                                                                
Kimerely                                                                                                                                                                                                
Jennifer                                                                                                                                                                                                
Michael                                                                                                                                                                                                 
Shelley                                                                                                                                                                                                 
William                                                                                                                                                                                                 

11 rows selected.

SQL> REM 13 DISPLAY THOSE WHO GETS SALARY LESS THAN 6000 OR MORE THAN 11000
SQL> SELECT FIRST_NAME , SALARY FROM EMPLOYEES WHERE SALARY NOT BETWEEN 6000 AND 11000;

FIRST_NAME          SALARY                                                                                                                                                                              
--------------- ----------                                                                                                                                                                              
Steven               24000                                                                                                                                                                              
Neena                17000                                                                                                                                                                              
Lex                  17000                                                                                                                                                                              
Diana                 4200                                                                                                                                                                              
Kevin                 5800                                                                                                                                                                              
Trenna                3500                                                                                                                                                                              
Curtis                3100                                                                                                                                                                              
Randall               2600                                                                                                                                                                              
Peter                 2500                                                                                                                                                                              
Jennifer              4400                                                                                                                                                                              
Michael              13000                                                                                                                                                                              
Shelley              12000                                                                                                                                                                              

12 rows selected.

SQL> REM 14 DISPLAY THOSE OTHER THAN 50 ST_CLERK   80 SA_REP   90  AD_VP
SQL> SELECT FIRST_NAME , DEPARTMENT_ID , JOB_ID FROM EMPLOYEES WHERE (DEPARTMENT_ID,JOB_ID) NOT LIKE ((50,'ST_CLERK'),(80,'SA_REP'),(90,'AD_VP'));
SELECT FIRST_NAME , DEPARTMENT_ID , JOB_ID FROM EMPLOYEES WHERE (DEPARTMENT_ID,JOB_ID) NOT LIKE ((50,'ST_CLERK'),(80,'SA_REP'),(90,'AD_VP'))
                                                                                       *
ERROR at line 1:
ORA-00920: invalid relational operator 


SQL> SELECT FIRST_NAME , DEPARTMENT_ID , JOB_ID FROM EMPLOYEES WHERE (DEPARTMENT_ID,JOB_ID)  LIKE ((50,'ST_CLERK'),(80,'SA_REP'),(90,'AD_VP'));
SELECT FIRST_NAME , DEPARTMENT_ID , JOB_ID FROM EMPLOYEES WHERE (DEPARTMENT_ID,JOB_ID)  LIKE ((50,'ST_CLERK'),(80,'SA_REP'),(90,'AD_VP'))
                                                                                        *
ERROR at line 1:
ORA-00920: invalid relational operator 


SQL> SELECT FIRST_NAME , DEPARTMENT_ID , JOB_ID FROM EMPLOYEES WHERE (DEPARTMENT_ID,JOB_ID) NOT IN ((50,'ST_CLERK'),(80,'SA_REP'),(90,'AD_VP'));

FIRST_NAME      DEPARTMENT_ID JOB_ID                                                                                                                                                                    
--------------- ------------- ----------                                                                                                                                                                
Steven                     90 AD_PRES                                                                                                                                                                   
Alexander                  60 IT_PROG                                                                                                                                                                   
Bruce                      60 IT_PROG                                                                                                                                                                   
Diana                      60 IT_PROG                                                                                                                                                                   
Kevin                      50 ST_MAN                                                                                                                                                                    
Eleni                      80 SA_MAN                                                                                                                                                                    
Jennifer                   10 AD_ASST                                                                                                                                                                   
Michael                    20 MK_MAN                                                                                                                                                                    
Pat                        20 MK_REP                                                                                                                                                                    
Shelley                   110 AC_MGR                                                                                                                                                                    
William                   110 AC_ACCOUNT                                                                                                                                                                

11 rows selected.

SQL> REM 15 DISPLAY THOSE WHO WERE HIRED IN 90s
SQL> SELECT FIRST_NAME , HIRE_DATE FROM EMPLOYEES WHERE HIRE_DATE LIKE '%-9%';

FIRST_NAME      HIRE_DATE                                                                                                                                                                               
--------------- ---------                                                                                                                                                                               
Lex             13-JAN-93                                                                                                                                                                               
Alexander       03-JAN-90                                                                                                                                                                               
Bruce           21-MAY-91                                                                                                                                                                               
Diana           07-FEB-99                                                                                                                                                                               
Kevin           16-NOV-99                                                                                                                                                                               
Trenna          17-OCT-95                                                                                                                                                                               
Curtis          29-JAN-97                                                                                                                                                                               
Randall         15-MAR-98                                                                                                                                                                               
Peter           09-JUL-98                                                                                                                                                                               
Ellen           11-MAY-96                                                                                                                                                                               
Jonathon        24-MAR-98                                                                                                                                                                               
Kimerely        24-MAY-99                                                                                                                                                                               
Michael         17-FEB-96                                                                                                                                                                               
Pat             17-AUG-97                                                                                                                                                                               
Shelley         07-JUN-94                                                                                                                                                                               
William         07-JUN-94                                                                                                                                                                               

16 rows selected.

SQL> REM 16 DISPLAY THOSE WHO WERE HIRED BETWEEN 88 AND 95
SQL> SELECT FIRST_NAME , HIRE_DATE FROM EMPLOYEES WHERE HIRE_DATE BETWEEN '1JAN88' AND '31DEC95';

FIRST_NAME      HIRE_DATE                                                                                                                                                                               
--------------- ---------                                                                                                                                                                               
Neena           21-SEP-89                                                                                                                                                                               
Lex             13-JAN-93                                                                                                                                                                               
Alexander       03-JAN-90                                                                                                                                                                               
Bruce           21-MAY-91                                                                                                                                                                               
Trenna          17-OCT-95                                                                                                                                                                               
Shelley         07-JUN-94                                                                                                                                                                               
William         07-JUN-94                                                                                                                                                                               

7 rows selected.

SQL> SELECT FIRST_NAME , HIRE_DATE FROM EMPLOYEES WHERE HIRE_DATE BETWEEN '%-88' AND '%-95';
SELECT FIRST_NAME , HIRE_DATE FROM EMPLOYEES WHERE HIRE_DATE BETWEEN '%-88' AND '%-95'
                                                                     *
ERROR at line 1:
ORA-01858: a non-numeric character was found where a numeric was expected 


SQL> REM 17 DISPLAY THOSE WHOSE SALARY IS EITHER LOWER THAN 8000 OR HIGHER THAN 12000
SQL> SELECT FIRST_NAME , SALARY FROM EMPLOYEES WHERE SALARY NOT BETWWEN 8000 AND 12000;
SELECT FIRST_NAME , SALARY FROM EMPLOYEES WHERE SALARY NOT BETWWEN 8000 AND 12000
                                                           *
ERROR at line 1:
ORA-00920: invalid relational operator 


SQL> SELECT FIRST_NAME , SALARY FROM EMPLOYEES WHERE SALARY NOT BETWEEN 8000 AND 12000;

FIRST_NAME          SALARY                                                                                                                                                                              
--------------- ----------                                                                                                                                                                              
Steven               24000                                                                                                                                                                              
Neena                17000                                                                                                                                                                              
Lex                  17000                                                                                                                                                                              
Bruce                 6000                                                                                                                                                                              
Diana                 4200                                                                                                                                                                              
Kevin                 5800                                                                                                                                                                              
Trenna                3500                                                                                                                                                                              
Curtis                3100                                                                                                                                                                              
Randall               2600                                                                                                                                                                              
Peter                 2500                                                                                                                                                                              
Kimerely              7000                                                                                                                                                                              
Jennifer              4400                                                                                                                                                                              
Michael              13000                                                                                                                                                                              
Pat                   6000                                                                                                                                                                              

14 rows selected.

SQL> REM 18 DISPLAY THOSE WHO WERE HIRED EITHER BEFORE YEAR 88 OR AFTER 90
SQL> SELECT FIRST_NAME , HIRE_DATE FROM EMPLOYEES WHERE HIRE_DATE NOT BETWEEN '1JAN88' AND '31DEC90';

FIRST_NAME      HIRE_DATE                                                                                                                                                                               
--------------- ---------                                                                                                                                                                               
Steven          17-JUL-87                                                                                                                                                                               
Lex             13-JAN-93                                                                                                                                                                               
Bruce           21-MAY-91                                                                                                                                                                               
Diana           07-FEB-99                                                                                                                                                                               
Kevin           16-NOV-99                                                                                                                                                                               
Trenna          17-OCT-95                                                                                                                                                                               
Curtis          29-JAN-97                                                                                                                                                                               
Randall         15-MAR-98                                                                                                                                                                               
Peter           09-JUL-98                                                                                                                                                                               
Eleni           29-JAN-00                                                                                                                                                                               
Ellen           11-MAY-96                                                                                                                                                                               
Jonathon        24-MAR-98                                                                                                                                                                               
Kimerely        24-MAY-99                                                                                                                                                                               
Jennifer        17-SEP-87                                                                                                                                                                               
Michael         17-FEB-96                                                                                                                                                                               
Pat             17-AUG-97                                                                                                                                                                               
Shelley         07-JUN-94                                                                                                                                                                               
William         07-JUN-94                                                                                                                                                                               

18 rows selected.

SQL> REM 19 DISPLAY FIRST_NAME , HIRE_DATE FOR THOSE WHO WERE HIRED IN JAN
SQL> SELECT FIRST_NAME , HIRE_DATE FROM EMPLOYEES WHERE HIRE_DATE LIKE '%-JAN';

no rows selected

SQL> SELECT FIRST_NAME , HIRE_DATE FROM EMPLOYEES WHERE HIRE_DATE LIKE '%-JAN%';

FIRST_NAME      HIRE_DATE                                                                                                                                                                               
--------------- ---------                                                                                                                                                                               
Lex             13-JAN-93                                                                                                                                                                               
Alexander       03-JAN-90                                                                                                                                                                               
Curtis          29-JAN-97                                                                                                                                                                               
Eleni           29-JAN-00                                                                                                                                                                               

SQL> REM 20 DISPLAY FIRST_NAME , HIRE_DATE FOR THOSE WHO WERE HIRED IN JAN OR JUN
SQL> SELECT FIRST_NAME , HIRE_DATE FROM EMPLOYEES WHERE HIRE_DATE LIKE '%J_N%';

FIRST_NAME      HIRE_DATE                                                                                                                                                                               
--------------- ---------                                                                                                                                                                               
Lex             13-JAN-93                                                                                                                                                                               
Alexander       03-JAN-90                                                                                                                                                                               
Curtis          29-JAN-97                                                                                                                                                                               
Eleni           29-JAN-00                                                                                                                                                                               
Shelley         07-JUN-94                                                                                                                                                                               
William         07-JUN-94                                                                                                                                                                               

6 rows selected.

SQL> /*
SQL> 21 DISPLAY THOSE WHOSE SECOND DIGIT OF EMPLOYEE ID IS ZERO
SQL> 
SQL> 22 DISPLAY THOSE WHO WERE HIRED ON DATE 7 (ANY MONTH , ANY YEAR WILL DO)
SQL> 
SQL> 23 DISPLAY THOSE FIRST_NAME WHICH CONTAINS TWO SUCCESSIVE l
SQL> 
SQL> 24 DISPLAY THOSE HIRE_DATE WHICH CONTAINS 'A'
SQL> 
SQL> 25 DISPLAY LAST_NAME ENDS WITH 'z'
SQL> 
SQL> 26 DISPLAY FIRST_NAME HAVING SECOND AND SECOND LAST CHARACTER 'o'
SQL> 
SQL> 27 DISPLAY FIRST_NAME , HIRE_DATE FOR THE EMPLOYEES WHO WERE HIRED IN ANY OF THE JAN , MAR OR MAY MONTH. (IGNORE DATE AND YEAR)
SQL> 
SQL> 28 DISPLAY LAST_NAME , HIRE_DATE FOR THE EMPLOYEES WHO WERE HIRED IN ANY OF APR OR AUG MONTH. (IGNORE DATE AND YEAR)
SQL> 
SQL> 29 DISPLAY LAST_NAME , HIRE_DATE FOR THE EMPLOYEES WHO WERE HIRED IN ANY OF JAN , JUN OR NOV MONTH. (IGNORE DATE AND YEAR)
SQL> 
SQL> 30 DISPLAY JOB_ID WHICH CONTAINS _P.
SQL> */
SQL> REM 21 DISPLAY THOSE WHOSE SECOND DIGIT OF EMPLOYEE ID IS ZERO
SQL> SELECT FIRST_NAME , EMPLOYEE_ID FROM EMPLOYEES WHERE EMPLOYEE_ID LIKE '_0_';

FIRST_NAME      EMPLOYEE_ID                                                                                                                                                                             
--------------- -----------                                                                                                                                                                             
Steven                  100                                                                                                                                                                             
Neena                   101                                                                                                                                                                             
Lex                     102                                                                                                                                                                             
Alexander               103                                                                                                                                                                             
Bruce                   104                                                                                                                                                                             
Diana                   107                                                                                                                                                                             
Jennifer                200                                                                                                                                                                             
Michael                 201                                                                                                                                                                             
Pat                     202                                                                                                                                                                             
Shelley                 205                                                                                                                                                                             
William                 206                                                                                                                                                                             

11 rows selected.

SQL> REM 22 DISPLAY THOSE WHO WERE HIRED ON DATE 7 (ANY MONTH , ANY YEAR WILL DO)
SQL> SELECT FIRST_NAME , HIRE_DATE FROME EMPLOYEES WHERE HIRE_DATE LIKE '7-%';
SELECT FIRST_NAME , HIRE_DATE FROME EMPLOYEES WHERE HIRE_DATE LIKE '7-%'
                                    *
ERROR at line 1:
ORA-00923: FROM keyword not found where expected 


SQL> SELECT FIRST_NAME , HIRE_DATE FROM EMPLOYEES WHERE HIRE_DATE LIKE '7-%';

no rows selected

SQL> SELECT FIRST_NAME , HIRE_DATE FROM EMPLOYEES WHERE HIRE_DATE LIKE '07-%';

FIRST_NAME      HIRE_DATE                                                                                                                                                                               
--------------- ---------                                                                                                                                                                               
Diana           07-FEB-99                                                                                                                                                                               
Shelley         07-JUN-94                                                                                                                                                                               
William         07-JUN-94                                                                                                                                                                               

SQL> REM 23 DISPLAY THOSE FIRST_NAME WHICH CONTAINS TWO SUCCESSIVE l
SQL> SELECT FIRST_NAME FROM EMPLOYEES WHERE FIRST_NAME LIKE '%LL%';

no rows selected

SQL> SELECT FIRST_NAME FROM EMPLOYEES WHERE FIRST_NAME LIKE '%ll%';

FIRST_NAME                                                                                                                                                                                              
---------------                                                                                                                                                                                         
Randall                                                                                                                                                                                                 
Ellen                                                                                                                                                                                                   
Shelley                                                                                                                                                                                                 
William                                                                                                                                                                                                 

SQL> REM 24 DISPLAY THOSE HIRE_DATE WHICH CONTAINS 'A'
SQL> SELECT FIRST_NAME , HIRE_DATE FROM EMPLOYEES WHERE HIRE_DATE LIKE '%A%';

FIRST_NAME      HIRE_DATE                                                                                                                                                                               
--------------- ---------                                                                                                                                                                               
Lex             13-JAN-93                                                                                                                                                                               
Alexander       03-JAN-90                                                                                                                                                                               
Bruce           21-MAY-91                                                                                                                                                                               
Curtis          29-JAN-97                                                                                                                                                                               
Randall         15-MAR-98                                                                                                                                                                               
Eleni           29-JAN-00                                                                                                                                                                               
Ellen           11-MAY-96                                                                                                                                                                               
Jonathon        24-MAR-98                                                                                                                                                                               
Kimerely        24-MAY-99                                                                                                                                                                               
Pat             17-AUG-97                                                                                                                                                                               

10 rows selected.

SQL> REM 25 DISPLAY LAST_NAME ENDS WITH 'z'
SQL> SELECT LAST_NAME FROM EMPLOYEES WHERE LAST_NAME LIKE '%z';

LAST_NAME                                                                                                                                                                                               
---------------                                                                                                                                                                                         
Lorentz                                                                                                                                                                                                 
Gietz                                                                                                                                                                                                   

SQL> REM 26 DISPLAY FIRST_NAME HAVING SECOND AND SECOND LAST CHARACTER 'o'
SQL> SELECT FIRST_NAME FROM EMPLOYEES WHERE FIRST_NAME LIKE '_o%o%_';

FIRST_NAME                                                                                                                                                                                              
---------------                                                                                                                                                                                         
Jonathon                                                                                                                                                                                                

SQL> REM 27 DISPLAY FIRST_NAME , HIRE_DATE FOR THE EMPLOYEES WHO WERE HIRED IN ANY OF THE JAN , MAR OR MAY MONTH. (IGNORE DATE AND YEAR)
SQL> SELECT FIRST_NAME , HIRE_DATE FROM EMPLOYEES WHERE HIRE_DATE LIKE '%-_A%' ;

FIRST_NAME      HIRE_DATE                                                                                                                                                                               
--------------- ---------                                                                                                                                                                               
Lex             13-JAN-93                                                                                                                                                                               
Alexander       03-JAN-90                                                                                                                                                                               
Bruce           21-MAY-91                                                                                                                                                                               
Curtis          29-JAN-97                                                                                                                                                                               
Randall         15-MAR-98                                                                                                                                                                               
Eleni           29-JAN-00                                                                                                                                                                               
Ellen           11-MAY-96                                                                                                                                                                               
Jonathon        24-MAR-98                                                                                                                                                                               
Kimerely        24-MAY-99                                                                                                                                                                               

9 rows selected.

SQL> REM 28 DISPLAY LAST_NAME , HIRE_DATE FOR THE EMPLOYEES WHO WERE HIRED IN ANY OF APR OR AUG MONTH. (IGNORE DATE AND YEAR)
SQL> SELECT LAST_NAME , HIRE_DATE FROM EMPLOYEES WHERE HIRE_DATE LIKE '%-A%';

LAST_NAME       HIRE_DATE                                                                                                                                                                               
--------------- ---------                                                                                                                                                                               
Fay             17-AUG-97                                                                                                                                                                               

SQL> REM 29 DISPLAY LAST_NAME , HIRE_DATE FOR THE EMPLOYEES WHO WERE HIRED IN ANY OF JAN , JUN OR NOV MONTH. (IGNORE DATE AND YEAR)
SQL> SELECT LAST_NAME , HIRE_DATE FROM EMPLOYEES WHERE HIRE_DATE LIKE '%N%';

LAST_NAME       HIRE_DATE                                                                                                                                                                               
--------------- ---------                                                                                                                                                                               
De Haan         13-JAN-93                                                                                                                                                                               
Hunold          03-JAN-90                                                                                                                                                                               
Mourgos         16-NOV-99                                                                                                                                                                               
Davies          29-JAN-97                                                                                                                                                                               
Zlotkey         29-JAN-00                                                                                                                                                                               
Higgins         07-JUN-94                                                                                                                                                                               
Gietz           07-JUN-94                                                                                                                                                                               

7 rows selected.

SQL> REM30 DISPLAY JOB_ID WHICH CONTAINS _P.
SQL> SELECT JOB_ID FROM EMPLOYEES WHERE JOB_ID LIKE '%_P%';

JOB_ID                                                                                                                                                                                                  
----------                                                                                                                                                                                              
AD_PRES                                                                                                                                                                                                 
AD_VP                                                                                                                                                                                                   
AD_VP                                                                                                                                                                                                   
IT_PROG                                                                                                                                                                                                 
IT_PROG                                                                                                                                                                                                 
IT_PROG                                                                                                                                                                                                 
SA_REP                                                                                                                                                                                                  
SA_REP                                                                                                                                                                                                  
SA_REP                                                                                                                                                                                                  
MK_REP                                                                                                                                                                                                  

10 rows selected.

SQL> SELECT JOB_ID FROM EMPLOYEES WHERE JOB_ID LIKE '%__P%';

JOB_ID                                                                                                                                                                                                  
----------                                                                                                                                                                                              
AD_PRES                                                                                                                                                                                                 
AD_VP                                                                                                                                                                                                   
AD_VP                                                                                                                                                                                                   
IT_PROG                                                                                                                                                                                                 
IT_PROG                                                                                                                                                                                                 
IT_PROG                                                                                                                                                                                                 
SA_REP                                                                                                                                                                                                  
SA_REP                                                                                                                                                                                                  
SA_REP                                                                                                                                                                                                  
MK_REP                                                                                                                                                                                                  

10 rows selected.

SQL> SELECT JOB_ID FROM EMPLOYEES WHERE JOB_ID LIKE '___P';

no rows selected

SQL> /*
SQL> 31 DISPLAY JOB_ID WHICH CONTAINS _ , FOLLOWED BY ANY SINGLE CHARACTER , P.
SQL> 
SQL> 32 DISPLAY JOB_ID WHICH CONTAINS _ , FOLLOWED BY ANY TWO CHARACTERS , P.
SQL> 
SQL> 33 DISPLAY JOB_ID WHICH CONTAINS _ , FOLLOWED BY ANY NO. OF CHARACTERS , P.
SQL> 
SQL> 34 DISPLAY JOB_ID WHICH CONTAINS _ AND HAS P AS LAST CHARACTER.
SQL> 
SQL> 35 DISPLAY JOB_ID HAVING 'A' ALPHABET TWO TIMES.
SQL> 
SQL> 36 DISPLAY JOB_ID WHICH CONTAINS T_.
SQL> 
SQL> 37 DISPLAY JOB_ID WHICH CONTAINS _ AND T AS LAST CHARACTER.
SQL> 
SQL> 38 DISPLAY JOB_ID WHICH CONTAINS _ , FOLLOWED BY ANY SINGLE CHARACTER AND 'E'.
SQL> 
SQL> 39 DISPLAY JOB_ID WHICH CONTAINS _ , FOLLOWED BY ANY TWO CHARACTERS AND 'E'.
SQL> 
SQL> 40 DISPLAY HIRE_DATE FOR MONTHS JAN , MAR AND MAY BUT NOT APR AND AUG.
SQL> */
SQL> REM 31 DISPLAY JOB_ID WHICH CONTAINS _ , FOLLOWED BY ANY SINGLE CHARACTER , P.
SQL> /*
SQL> 41 DISPLAY HIRE_DATE FOR MONTHS APR AND AUG BUT NOT JAN , MAR AND MAY.
SQL> 
SQL> 42 DISPLAY HIRE_DATE FOR MONTHS JAN AND JUN BUT NOT NOV.
SQL> 
SQL> 43 DISPLAY HIRE_DATE FOR MONTHS NOV BUT NOT JAN AND JUN.
SQL> 
SQL> 44 DISPLAY HIRE_DATE FOR MONTHS OCT BUT NOT NOV.
SQL> 
SQL> 45 DISPLAY HIRE_DATE FOR MONTHS NOV BUT NOT OCT.
SQL> 
SQL> 46 DISPLAY NAME WHICH CONTAINS T_%P (USE MPSLIKETBL TABLE OF LSTABLES FILE)
SQL> 
SQL> 47 DISPLAY THOSE LAST NAME WHICH CONTAINTS ALHABET 'o' ON 4th POSITION.
SQL> 
SQL> 48 DISPLAY THOSE LAST NAME WHICH CONTAINTS ALHABET 'o' ON 2nd LAST POSITION.
SQL> */
SQL> REM 41 DISPLAY HIRE_DATE FOR MONTHS APR AND AUG BUT NOT JAN , MAR AND MAY.
SQL> SELECT HIRE_DATE FROM EMPLOYEES WHERE HIRE_DATE LIKE '%-A%';

HIRE_DATE                                                                                                                                                                                               
---------                                                                                                                                                                                               
17-AUG-97                                                                                                                                                                                               

SQL> REM 42 DISPLAY HIRE_DATE FOR MONTHS JAN AND JUN BUT NOT NOV.
SQL> SELECT HIRE_DATE FROM EMPLOYEES WHERE HIRE_DATE LIKE '%J_N%';

HIRE_DATE                                                                                                                                                                                               
---------                                                                                                                                                                                               
13-JAN-93                                                                                                                                                                                               
03-JAN-90                                                                                                                                                                                               
29-JAN-97                                                                                                                                                                                               
29-JAN-00                                                                                                                                                                                               
07-JUN-94                                                                                                                                                                                               
07-JUN-94                                                                                                                                                                                               

6 rows selected.

SQL> REM 43 DISPLAY HIRE_DATE FOR MONTHS NOV BUT NOT JAN AND JUN.
SQL> SELECT HIRE_DATE FROM EMPLOYEES WHERE HIRE_DATE LIKE '%-N%';

HIRE_DATE                                                                                                                                                                                               
---------                                                                                                                                                                                               
16-NOV-99                                                                                                                                                                                               

SQL> REM 44 DISPLAY HIRE_DATE FOR MONTHS OCT BUT NOT NOV.
SQL> SELECT HIRE_DATE FROM EMPLOYEES WHERE HIRE_DATE LIKE '%-O%';

HIRE_DATE                                                                                                                                                                                               
---------                                                                                                                                                                                               
17-OCT-95                                                                                                                                                                                               

SQL> REM 45 DISPLAY HIRE_DATE FOR MONTHS NOV BUT NOT OCT.
SQL> SELECT HIRE_DATE FROM EMPLOYEES WHERE HIRE_DATE LIKE '%-NOV%';

HIRE_DATE                                                                                                                                                                                               
---------                                                                                                                                                                                               
16-NOV-99                                                                                                                                                                                               

SQL> REM 46 DISPLAY NAME WHICH CONTAINS T_%P (USE MPSLIKETBL TABLE OF LSTABLES FILE)
SQL> REM 47 DISPLAY THOSE LAST NAME WHICH CONTAINTS ALHABET 'o' ON 4th POSITION.
SQL> SELECT LAST_NAME FROM EMPLOYEES WHERE LAST_NAME LIKE '___o%';

LAST_NAME                                                                                                                                                                                               
---------------                                                                                                                                                                                         
Hunold                                                                                                                                                                                                  
Matos                                                                                                                                                                                                   

SQL> REM 48 DISPLAY THOSE LAST NAME WHICH CONTAINTS ALHABET 'o' ON 2nd LAST POSITION.
SQL> SELECT LAST_NAME FROM EMPLOYEES WHERE LAST_NAME LIKE '%o_';

LAST_NAME                                                                                                                                                                                               
---------------                                                                                                                                                                                         
Mourgos                                                                                                                                                                                                 
Matos                                                                                                                                                                                                   
Taylor                                                                                                                                                                                                  

SQL> SPOOL OFF
